[debug] [2026-07-04T04:15:06.793Z] ----------------------------------------------------------------------
[debug] [2026-07-04T04:15:06.796Z] Command:       C:\Program Files\nodejs\node.exe D:\Coding\unification-platform\node_modules\firebase-tools\lib\bin\firebase.js deploy
[debug] [2026-07-04T04:15:06.796Z] CLI Version:   15.22.4
[debug] [2026-07-04T04:15:06.796Z] Platform:      win32
[debug] [2026-07-04T04:15:06.796Z] Node Version:  v20.15.1
[debug] [2026-07-04T04:15:06.797Z] Detected Agent: antigravity
[debug] [2026-07-04T04:15:06.797Z] Time:          Sat Jul 04 2026 13:15:06 GMT+0900 (대한민국 표준시)
[debug] [2026-07-04T04:15:06.797Z] ----------------------------------------------------------------------
[debug] 
[debug] [2026-07-04T04:15:15.514Z] > command requires scopes: ["email","openid","https://www.googleapis.com/auth/cloudplatformprojects.readonly","https://www.googleapis.com/auth/firebase","https://www.googleapis.com/auth/cloud-platform"]
[debug] [2026-07-04T04:15:15.515Z] > authorizing via signed-in user (intensity2837@gmail.com)
[debug] [2026-07-04T04:15:15.515Z] [iam] checking project gtsignal for permissions ["firebase.projects.get","firebasehosting.sites.update"]
[debug] [2026-07-04T04:15:15.516Z] Checked if tokens are valid: false, expires at: 1783069534655
[debug] [2026-07-04T04:15:15.516Z] Checked if tokens are valid: false, expires at: 1783069534655
[debug] [2026-07-04T04:15:15.516Z] > refreshing access token with scopes: []
[debug] [2026-07-04T04:15:15.518Z] >>> [apiv2][query] POST https://www.googleapis.com/oauth2/v3/token [none]
[debug] [2026-07-04T04:15:15.518Z] >>> [apiv2][body] POST https://www.googleapis.com/oauth2/v3/token [omitted]
[debug] [2026-07-04T04:15:15.759Z] <<< [apiv2][status] POST https://www.googleapis.com/oauth2/v3/token 200
[debug] [2026-07-04T04:15:15.760Z] <<< [apiv2][body] POST https://www.googleapis.com/oauth2/v3/token [omitted]
[debug] [2026-07-04T04:15:15.777Z] >>> [apiv2][query] POST https://cloudresourcemanager.googleapis.com/v1/projects/gtsignal:testIamPermissions [none]
[debug] [2026-07-04T04:15:15.777Z] >>> [apiv2][(partial)header] POST https://cloudresourcemanager.googleapis.com/v1/projects/gtsignal:testIamPermissions  x-goog-user-project=gtsignal
[debug] [2026-07-04T04:15:15.777Z] >>> [apiv2][body] POST https://cloudresourcemanager.googleapis.com/v1/projects/gtsignal:testIamPermissions {"permissions":["firebase.projects.get","firebasehosting.sites.update"]}
[debug] [2026-07-04T04:15:16.073Z] <<< [apiv2][status] POST https://cloudresourcemanager.googleapis.com/v1/projects/gtsignal:testIamPermissions 200
[debug] [2026-07-04T04:15:16.073Z] <<< [apiv2][body] POST https://cloudresourcemanager.googleapis.com/v1/projects/gtsignal:testIamPermissions {"permissions":["firebase.projects.get","firebasehosting.sites.update"]}
[debug] [2026-07-04T04:15:16.074Z] Checked if tokens are valid: true, expires at: 1783142114760
[debug] [2026-07-04T04:15:16.074Z] Checked if tokens are valid: true, expires at: 1783142114760
[debug] [2026-07-04T04:15:16.074Z] >>> [apiv2][query] GET https://firebase.googleapis.com/v1beta1/projects/gtsignal [none]
[debug] [2026-07-04T04:15:16.620Z] <<< [apiv2][status] GET https://firebase.googleapis.com/v1beta1/projects/gtsignal 200
[debug] [2026-07-04T04:15:16.620Z] <<< [apiv2][body] GET https://firebase.googleapis.com/v1beta1/projects/gtsignal {"projectId":"gtsignal","projectNumber":"40921308182","displayName":"gtsignal","name":"projects/gtsignal","resources":{"hostingSite":"gtsignal"},"state":"ACTIVE","labels":{"firebase":"enabled"},"etag":"1_c212b8de-b1cb-4c49-94dc-3a7f9fe593b8"}
[info] 
   Thank you for trying our early preview of Next.js support on Firebase Hosting.
   During the preview, support is best-effort and breaking changes can be expected. Proceed with caution.
   The integration is known to work with Next.js version 12 - 16.0. You may encounter errors.

   Documentation: https://firebase.google.com/docs/hosting/frameworks/nextjs
   File a bug: https://github.com/firebase/firebase-tools/issues/new?template=bug_report.md
   Submit a feature request: https://github.com/firebase/firebase-tools/issues/new?template=feature_request.md

   We'd love to learn from you. Express your interest in helping us shape the future of Firebase Hosting: https://goo.gle/41enW5X

[debug] [2026-07-04T04:15:27.243Z] Checked if tokens are valid: true, expires at: 1783142114760
[debug] [2026-07-04T04:15:27.243Z] Checked if tokens are valid: true, expires at: 1783142114760
[debug] [2026-07-04T04:15:27.243Z] >>> [apiv2][query] GET https://firebasehosting.googleapis.com/v1beta1/projects/gtsignal/sites/gtsignal [none]
[debug] [2026-07-04T04:15:28.243Z] <<< [apiv2][status] GET https://firebasehosting.googleapis.com/v1beta1/projects/gtsignal/sites/gtsignal 200
[debug] [2026-07-04T04:15:28.243Z] <<< [apiv2][body] GET https://firebasehosting.googleapis.com/v1beta1/projects/gtsignal/sites/gtsignal {"name":"projects/gtsignal/sites/gtsignal","defaultUrl":"https://gtsignal.web.app","appId":"1:40921308182:web:39185975d8273ee2112937","type":"DEFAULT_SITE"}
[info] ▲ Next.js 16.2.9 (Turbopack)

[info] - Environments: .env.production, .env


[info]   Creating an optimized production build ...

[info] ✓ Compiled successfully in 2.8s

[info]   Running TypeScript ...

[info]   Finished TypeScript in 3.6s ...

[info]   Collecting page data using 15 workers ...

[info]   Generating static pages using 15 workers (0/22) ...

[info]   Generating static pages using 15 workers (5/22) 

[info]   Generating static pages using 15 workers (10/22) 

[info]   Generating static pages using 15 workers (16/22) 

[info] ✓ Generating static pages using 15 workers (22/22) in 599ms

[info]   Finalizing page optimization ...

[info] 

[info] Route (app)
┌ ○ /
├ ○ /_not-found
├ ƒ /api/admin/analyze-survey
├ ƒ /api/admin/approve
├ ƒ /api/admin/reject
├ ƒ /api/admin/report
├ ƒ /api/auth/login
├ ƒ /api/auth/logout
├ ƒ /api/auth/register
├ ƒ /api/chat/init
├ ƒ /api/chat/message
├ ƒ /api/chat/survey
├ ƒ /api/class
├ ƒ /api/class/[id]/monitor
├ ƒ /api/report/[sessionId]
├ ƒ /api/reports
├ ƒ /api/share/[classId]
├ ƒ /api/share/[classId]/comment
├ ƒ /api/share/[classId]/like
├ ƒ /api/teacher/report
├ ƒ /api/teacher/settings
├ ○ /chat
├ ƒ /dashboard
├ ƒ /dashboard/class/[id]
├ ƒ /dashboard/report/[sessionId]
├ ○ /dashboard/reports
├ ○ /register
└ ƒ /share/[classId]


[info] 
○  (Static)   prerendered as static content
ƒ  (Dynamic)  server-rendered on demand


[info] Building a Cloud Function to run this application. This is needed due to:
[info]  • non-static component /api/admin/analyze-survey/route
[info]  • non-static component /api/admin/approve/route
[info]  • non-static component /api/admin/reject/route
[info]  • non-static component /api/admin/report/route
[info]  • non-static component /api/auth/login/route
[debug] [2026-07-04T04:15:41.378Z]  • non-static component /api/auth/logout/route
[debug] [2026-07-04T04:15:41.378Z]  • non-static component /api/auth/register/route
[debug] [2026-07-04T04:15:41.378Z]  • non-static component /api/chat/init/route
[debug] [2026-07-04T04:15:41.378Z]  • non-static component /api/chat/message/route
[debug] [2026-07-04T04:15:41.378Z]  • non-static component /api/chat/survey/route
[debug] [2026-07-04T04:15:41.378Z]  • non-static component /api/class/[id]/monitor/route
[debug] [2026-07-04T04:15:41.378Z]  • non-static component /api/class/route
[debug] [2026-07-04T04:15:41.378Z]  • non-static component /api/report/[sessionId]/route
[debug] [2026-07-04T04:15:41.378Z]  • non-static component /api/reports/route
[debug] [2026-07-04T04:15:41.378Z]  • non-static component /api/share/[classId]/comment/route
[debug] [2026-07-04T04:15:41.378Z]  • non-static component /api/share/[classId]/like/route
[debug] [2026-07-04T04:15:41.378Z]  • non-static component /api/share/[classId]/route
[debug] [2026-07-04T04:15:41.378Z]  • non-static component /api/teacher/report/route
[debug] [2026-07-04T04:15:41.378Z]  • non-static component /api/teacher/settings/route
[debug] [2026-07-04T04:15:41.378Z]  • non-static component /dashboard/class/[id]/page
[debug] [2026-07-04T04:15:41.378Z]  • non-static component /dashboard/page
[debug] [2026-07-04T04:15:41.378Z]  • non-static component /dashboard/report/[sessionId]/page
[debug] [2026-07-04T04:15:41.378Z]  • non-static component /share/[classId]/page
[info]  • and 18 other reasons, use --debug to see more
[info] 
[debug] [2026-07-04T04:15:52.517Z] Checked if tokens are valid: true, expires at: 1783142114760
[debug] [2026-07-04T04:15:52.517Z] Checked if tokens are valid: true, expires at: 1783142114760
[debug] [2026-07-04T04:15:52.517Z] >>> [apiv2][query] GET https://firebasehosting.googleapis.com/v1beta1/projects/gtsignal/sites/gtsignal [none]
[debug] [2026-07-04T04:15:53.387Z] <<< [apiv2][status] GET https://firebasehosting.googleapis.com/v1beta1/projects/gtsignal/sites/gtsignal 200
[debug] [2026-07-04T04:15:53.387Z] <<< [apiv2][body] GET https://firebasehosting.googleapis.com/v1beta1/projects/gtsignal/sites/gtsignal {"name":"projects/gtsignal/sites/gtsignal","defaultUrl":"https://gtsignal.web.app","appId":"1:40921308182:web:39185975d8273ee2112937","type":"DEFAULT_SITE"}
[debug] [2026-07-04T04:15:53.992Z] Error: EPERM: operation not permitted, symlink 'D:\Coding\unification-platform\node_modules\bcryptjs' -> 'D:\Coding\unification-platform\.firebase\gtsignal\functions\.next\node_modules\bcryptjs-ee66c2bdc904f2cf'
[error] 
[error] Error: An unexpected error has occurred.
[debug] [2026-07-04T04:16:05.440Z] ----------------------------------------------------------------------
[debug] [2026-07-04T04:16:05.443Z] Command:       C:\Program Files\nodejs\node.exe D:\Coding\unification-platform\node_modules\firebase-tools\lib\bin\firebase.js deploy --debug
[debug] [2026-07-04T04:16:05.443Z] CLI Version:   15.22.4
[debug] [2026-07-04T04:16:05.443Z] Platform:      win32
[debug] [2026-07-04T04:16:05.443Z] Node Version:  v20.15.1
[debug] [2026-07-04T04:16:05.443Z] Detected Agent: antigravity
[debug] [2026-07-04T04:16:05.443Z] Time:          Sat Jul 04 2026 13:16:05 GMT+0900 (대한민국 표준시)
[debug] [2026-07-04T04:16:05.443Z] ----------------------------------------------------------------------
[debug] 
[debug] [2026-07-04T04:16:07.436Z] > command requires scopes: ["email","openid","https://www.googleapis.com/auth/cloudplatformprojects.readonly","https://www.googleapis.com/auth/firebase","https://www.googleapis.com/auth/cloud-platform"]
[debug] [2026-07-04T04:16:07.436Z] > authorizing via signed-in user (intensity2837@gmail.com)
[debug] [2026-07-04T04:16:07.437Z] [iam] checking project gtsignal for permissions ["firebase.projects.get","firebasehosting.sites.update"]
[debug] [2026-07-04T04:16:07.438Z] Checked if tokens are valid: true, expires at: 1783142114760
[debug] [2026-07-04T04:16:07.439Z] Checked if tokens are valid: true, expires at: 1783142114760
[debug] [2026-07-04T04:16:07.440Z] >>> [apiv2][query] POST https://cloudresourcemanager.googleapis.com/v1/projects/gtsignal:testIamPermissions [none]
[debug] [2026-07-04T04:16:07.440Z] >>> [apiv2][(partial)header] POST https://cloudresourcemanager.googleapis.com/v1/projects/gtsignal:testIamPermissions  x-goog-user-project=gtsignal
[debug] [2026-07-04T04:16:07.440Z] >>> [apiv2][body] POST https://cloudresourcemanager.googleapis.com/v1/projects/gtsignal:testIamPermissions {"permissions":["firebase.projects.get","firebasehosting.sites.update"]}
[debug] [2026-07-04T04:16:07.713Z] <<< [apiv2][status] POST https://cloudresourcemanager.googleapis.com/v1/projects/gtsignal:testIamPermissions 200
[debug] [2026-07-04T04:16:07.713Z] <<< [apiv2][body] POST https://cloudresourcemanager.googleapis.com/v1/projects/gtsignal:testIamPermissions {"permissions":["firebase.projects.get","firebasehosting.sites.update"]}
[debug] [2026-07-04T04:16:07.714Z] Checked if tokens are valid: true, expires at: 1783142114760
[debug] [2026-07-04T04:16:07.714Z] Checked if tokens are valid: true, expires at: 1783142114760
[debug] [2026-07-04T04:16:07.714Z] >>> [apiv2][query] GET https://firebase.googleapis.com/v1beta1/projects/gtsignal [none]
[debug] [2026-07-04T04:16:08.264Z] <<< [apiv2][status] GET https://firebase.googleapis.com/v1beta1/projects/gtsignal 200
[debug] [2026-07-04T04:16:08.264Z] <<< [apiv2][body] GET https://firebase.googleapis.com/v1beta1/projects/gtsignal {"projectId":"gtsignal","projectNumber":"40921308182","displayName":"gtsignal","name":"projects/gtsignal","resources":{"hostingSite":"gtsignal"},"state":"ACTIVE","labels":{"firebase":"enabled"},"etag":"1_c212b8de-b1cb-4c49-94dc-3a7f9fe593b8"}
[info] 
   Thank you for trying our early preview of Next.js support on Firebase Hosting.
   During the preview, support is best-effort and breaking changes can be expected. Proceed with caution.
   The integration is known to work with Next.js version 12 - 16.0. You may encounter errors.

   Documentation: https://firebase.google.com/docs/hosting/frameworks/nextjs
   File a bug: https://github.com/firebase/firebase-tools/issues/new?template=bug_report.md
   Submit a feature request: https://github.com/firebase/firebase-tools/issues/new?template=feature_request.md

   We'd love to learn from you. Express your interest in helping us shape the future of Firebase Hosting: https://goo.gle/41enW5X

[debug] [2026-07-04T04:16:19.118Z] Checked if tokens are valid: true, expires at: 1783142114760
[debug] [2026-07-04T04:16:19.118Z] Checked if tokens are valid: true, expires at: 1783142114760
[debug] [2026-07-04T04:16:19.118Z] >>> [apiv2][query] GET https://firebasehosting.googleapis.com/v1beta1/projects/gtsignal/sites/gtsignal [none]
[debug] [2026-07-04T04:16:20.056Z] <<< [apiv2][status] GET https://firebasehosting.googleapis.com/v1beta1/projects/gtsignal/sites/gtsignal 200
[debug] [2026-07-04T04:16:20.056Z] <<< [apiv2][body] GET https://firebasehosting.googleapis.com/v1beta1/projects/gtsignal/sites/gtsignal {"name":"projects/gtsignal/sites/gtsignal","defaultUrl":"https://gtsignal.web.app","appId":"1:40921308182:web:39185975d8273ee2112937","type":"DEFAULT_SITE"}
[info] ▲ Next.js 16.2.9 (Turbopack)

[info] - Environments: .env.production, .env


[info]   Creating an optimized production build ...

[info] ✓ Compiled successfully in 2.9s

[info]   Running TypeScript ...

[info]   Finished TypeScript in 3.9s ...

[info]   Collecting page data using 15 workers ...

[info]   Generating static pages using 15 workers (0/22) ...

[info]   Generating static pages using 15 workers (5/22) 

[info]   Generating static pages using 15 workers (10/22) 

[info]   Generating static pages using 15 workers (16/22) 

[info] ✓ Generating static pages using 15 workers (22/22) in 627ms

[info]   Finalizing page optimization ...

[info] 

[info] Route (app)
┌ ○ /
├ ○ /_not-found
├ ƒ /api/admin/analyze-survey
├ ƒ /api/admin/approve
├ ƒ /api/admin/reject
├ ƒ /api/admin/report
├ ƒ /api/auth/login
├ ƒ /api/auth/logout
├ ƒ /api/auth/register
├ ƒ /api/chat/init
├ ƒ /api/chat/message
├ ƒ /api/chat/survey
├ ƒ /api/class
├ ƒ /api/class/[id]/monitor
├ ƒ /api/report/[sessionId]
├ ƒ /api/reports
├ ƒ /api/share/[classId]
├ ƒ /api/share/[classId]/comment
├ ƒ /api/share/[classId]/like
├ ƒ /api/teacher/report
├ ƒ /api/teacher/settings
├ ○ /chat
├ ƒ /dashboard
├ ƒ /dashboard/class/[id]
├ ƒ /dashboard/report/[sessionId]
├ ○ /dashboard/reports
├ ○ /register
└ ƒ /share/[classId]


[info] 
○  (Static)   prerendered as static content
ƒ  (Dynamic)  server-rendered on demand


[info] Building a Cloud Function to run this application. This is needed due to:
[info]  • non-static component /api/admin/analyze-survey/route
[info]  • non-static component /api/admin/approve/route
[info]  • non-static component /api/admin/reject/route
[info]  • non-static component /api/admin/report/route
[info]  • non-static component /api/auth/login/route
[debug] [2026-07-04T04:16:34.196Z]  • non-static component /api/auth/logout/route
[debug] [2026-07-04T04:16:34.196Z]  • non-static component /api/auth/register/route
[debug] [2026-07-04T04:16:34.196Z]  • non-static component /api/chat/init/route
[debug] [2026-07-04T04:16:34.196Z]  • non-static component /api/chat/message/route
[debug] [2026-07-04T04:16:34.196Z]  • non-static component /api/chat/survey/route
[debug] [2026-07-04T04:16:34.196Z]  • non-static component /api/class/[id]/monitor/route
[debug] [2026-07-04T04:16:34.196Z]  • non-static component /api/class/route
[debug] [2026-07-04T04:16:34.196Z]  • non-static component /api/report/[sessionId]/route
[debug] [2026-07-04T04:16:34.196Z]  • non-static component /api/reports/route
[debug] [2026-07-04T04:16:34.196Z]  • non-static component /api/share/[classId]/comment/route
[debug] [2026-07-04T04:16:34.196Z]  • non-static component /api/share/[classId]/like/route
[debug] [2026-07-04T04:16:34.196Z]  • non-static component /api/share/[classId]/route
[debug] [2026-07-04T04:16:34.197Z]  • non-static component /api/teacher/report/route
[debug] [2026-07-04T04:16:34.197Z]  • non-static component /api/teacher/settings/route
[debug] [2026-07-04T04:16:34.197Z]  • non-static component /dashboard/class/[id]/page
[debug] [2026-07-04T04:16:34.197Z]  • non-static component /dashboard/page
[debug] [2026-07-04T04:16:34.197Z]  • non-static component /dashboard/report/[sessionId]/page
[debug] [2026-07-04T04:16:34.197Z]  • non-static component /share/[classId]/page
[info] 
[debug] [2026-07-04T04:16:41.589Z] Checked if tokens are valid: true, expires at: 1783142114760
[debug] [2026-07-04T04:16:41.590Z] Checked if tokens are valid: true, expires at: 1783142114760
[debug] [2026-07-04T04:16:41.590Z] >>> [apiv2][query] GET https://firebasehosting.googleapis.com/v1beta1/projects/gtsignal/sites/gtsignal [none]
[debug] [2026-07-04T04:16:42.350Z] <<< [apiv2][status] GET https://firebasehosting.googleapis.com/v1beta1/projects/gtsignal/sites/gtsignal 200
[debug] [2026-07-04T04:16:42.350Z] <<< [apiv2][body] GET https://firebasehosting.googleapis.com/v1beta1/projects/gtsignal/sites/gtsignal {"name":"projects/gtsignal/sites/gtsignal","defaultUrl":"https://gtsignal.web.app","appId":"1:40921308182:web:39185975d8273ee2112937","type":"DEFAULT_SITE"}
[debug] [2026-07-04T04:16:43.251Z] Error: EPERM: operation not permitted, symlink 'D:\Coding\unification-platform\node_modules\bcryptjs' -> 'D:\Coding\unification-platform\.firebase\gtsignal\functions\.next\node_modules\bcryptjs-ee66c2bdc904f2cf'
[error] 
[error] Error: An unexpected error has occurred.
[debug] [2026-07-04T04:16:44.664Z] ----------------------------------------------------------------------
[debug] [2026-07-04T04:16:44.667Z] Command:       C:\Program Files\nodejs\node.exe D:\Coding\unification-platform\node_modules\firebase-tools\lib\bin\firebase.js deploy
[debug] [2026-07-04T04:16:44.667Z] CLI Version:   15.22.4
[debug] [2026-07-04T04:16:44.668Z] Platform:      win32
[debug] [2026-07-04T04:16:44.668Z] Node Version:  v20.15.1
[debug] [2026-07-04T04:16:44.668Z] Detected Agent: antigravity
[debug] [2026-07-04T04:16:44.668Z] Time:          Sat Jul 04 2026 13:16:44 GMT+0900 (대한민국 표준시)
[debug] [2026-07-04T04:16:44.668Z] ----------------------------------------------------------------------
[debug] 
[debug] [2026-07-04T04:16:46.897Z] > command requires scopes: ["email","openid","https://www.googleapis.com/auth/cloudplatformprojects.readonly","https://www.googleapis.com/auth/firebase","https://www.googleapis.com/auth/cloud-platform"]
[debug] [2026-07-04T04:16:46.898Z] > authorizing via signed-in user (intensity2837@gmail.com)
[debug] [2026-07-04T04:16:46.898Z] [iam] checking project gtsignal for permissions ["firebase.projects.get","firebasehosting.sites.update"]
[debug] [2026-07-04T04:16:46.899Z] Checked if tokens are valid: true, expires at: 1783142114760
[debug] [2026-07-04T04:16:46.899Z] Checked if tokens are valid: true, expires at: 1783142114760
[debug] [2026-07-04T04:16:46.900Z] >>> [apiv2][query] POST https://cloudresourcemanager.googleapis.com/v1/projects/gtsignal:testIamPermissions [none]
[debug] [2026-07-04T04:16:46.900Z] >>> [apiv2][(partial)header] POST https://cloudresourcemanager.googleapis.com/v1/projects/gtsignal:testIamPermissions  x-goog-user-project=gtsignal
[debug] [2026-07-04T04:16:46.900Z] >>> [apiv2][body] POST https://cloudresourcemanager.googleapis.com/v1/projects/gtsignal:testIamPermissions {"permissions":["firebase.projects.get","firebasehosting.sites.update"]}
[debug] [2026-07-04T04:16:47.168Z] <<< [apiv2][status] POST https://cloudresourcemanager.googleapis.com/v1/projects/gtsignal:testIamPermissions 200
[debug] [2026-07-04T04:16:47.168Z] <<< [apiv2][body] POST https://cloudresourcemanager.googleapis.com/v1/projects/gtsignal:testIamPermissions {"permissions":["firebase.projects.get","firebasehosting.sites.update"]}
[debug] [2026-07-04T04:16:47.169Z] Checked if tokens are valid: true, expires at: 1783142114760
[debug] [2026-07-04T04:16:47.169Z] Checked if tokens are valid: true, expires at: 1783142114760
[debug] [2026-07-04T04:16:47.169Z] >>> [apiv2][query] GET https://firebase.googleapis.com/v1beta1/projects/gtsignal [none]
[debug] [2026-07-04T04:16:47.585Z] <<< [apiv2][status] GET https://firebase.googleapis.com/v1beta1/projects/gtsignal 200
[debug] [2026-07-04T04:16:47.585Z] <<< [apiv2][body] GET https://firebase.googleapis.com/v1beta1/projects/gtsignal {"projectId":"gtsignal","projectNumber":"40921308182","displayName":"gtsignal","name":"projects/gtsignal","resources":{"hostingSite":"gtsignal"},"state":"ACTIVE","labels":{"firebase":"enabled"},"etag":"1_c212b8de-b1cb-4c49-94dc-3a7f9fe593b8"}
[info] 
   Thank you for trying our early preview of Next.js support on Firebase Hosting.
   During the preview, support is best-effort and breaking changes can be expected. Proceed with caution.
   The integration is known to work with Next.js version 12 - 16.0. You may encounter errors.

   Documentation: https://firebase.google.com/docs/hosting/frameworks/nextjs
   File a bug: https://github.com/firebase/firebase-tools/issues/new?template=bug_report.md
   Submit a feature request: https://github.com/firebase/firebase-tools/issues/new?template=feature_request.md

   We'd love to learn from you. Express your interest in helping us shape the future of Firebase Hosting: https://goo.gle/41enW5X

[debug] [2026-07-04T04:16:58.667Z] Checked if tokens are valid: true, expires at: 1783142114760
[debug] [2026-07-04T04:16:58.667Z] Checked if tokens are valid: true, expires at: 1783142114760
[debug] [2026-07-04T04:16:58.667Z] >>> [apiv2][query] GET https://firebasehosting.googleapis.com/v1beta1/projects/gtsignal/sites/gtsignal [none]
[debug] [2026-07-04T04:16:59.553Z] <<< [apiv2][status] GET https://firebasehosting.googleapis.com/v1beta1/projects/gtsignal/sites/gtsignal 200
[debug] [2026-07-04T04:16:59.553Z] <<< [apiv2][body] GET https://firebasehosting.googleapis.com/v1beta1/projects/gtsignal/sites/gtsignal {"name":"projects/gtsignal/sites/gtsignal","defaultUrl":"https://gtsignal.web.app","appId":"1:40921308182:web:39185975d8273ee2112937","type":"DEFAULT_SITE"}
[info] ▲ Next.js 16.2.9 (Turbopack)

[info] - Environments: .env.production, .env


[info]   Creating an optimized production build ...

[info] ✓ Compiled successfully in 3.3s

[info]   Running TypeScript ...

[info]   Finished TypeScript in 3.7s ...

[info]   Collecting page data using 15 workers ...

[info]   Generating static pages using 15 workers (0/22) ...

[info]   Generating static pages using 15 workers (5/22) 

[info]   Generating static pages using 15 workers (10/22) 

[info]   Generating static pages using 15 workers (16/22) 

[info] ✓ Generating static pages using 15 workers (22/22) in 595ms

[info]   Finalizing page optimization ...

[info] 

[info] Route (app)
┌ ○ /
├ ○ /_not-found
├ ƒ /api/admin/analyze-survey
├ ƒ /api/admin/approve
├ ƒ /api/admin/reject
├ ƒ /api/admin/report
├ ƒ /api/auth/login
├ ƒ /api/auth/logout
├ ƒ /api/auth/register
├ ƒ /api/chat/init
├ ƒ /api/chat/message
├ ƒ /api/chat/survey
├ ƒ /api/class
├ ƒ /api/class/[id]/monitor
├ ƒ /api/report/[sessionId]
├ ƒ /api/reports
├ ƒ /api/share/[classId]
├ ƒ /api/share/[classId]/comment
├ ƒ /api/share/[classId]/like
├ ƒ /api/teacher/report
├ ƒ /api/teacher/settings
├ ○ /chat
├ ƒ /dashboard
├ ƒ /dashboard/class/[id]
├ ƒ /dashboard/report/[sessionId]
├ ○ /dashboard/reports
├ ○ /register
└ ƒ /share/[classId]


[info] 
○  (Static)   prerendered as static content
ƒ  (Dynamic)  server-rendered on demand


[info] Building a Cloud Function to run this application. This is needed due to:
[info]  • non-static component /api/admin/analyze-survey/route
[info]  • non-static component /api/admin/approve/route
[info]  • non-static component /api/admin/reject/route
[info]  • non-static component /api/admin/report/route
[info]  • non-static component /api/auth/login/route
[debug] [2026-07-04T04:17:13.243Z]  • non-static component /api/auth/logout/route
[debug] [2026-07-04T04:17:13.243Z]  • non-static component /api/auth/register/route
[debug] [2026-07-04T04:17:13.243Z]  • non-static component /api/chat/init/route
[debug] [2026-07-04T04:17:13.243Z]  • non-static component /api/chat/message/route
[debug] [2026-07-04T04:17:13.243Z]  • non-static component /api/chat/survey/route
[debug] [2026-07-04T04:17:13.243Z]  • non-static component /api/class/[id]/monitor/route
[debug] [2026-07-04T04:17:13.243Z]  • non-static component /api/class/route
[debug] [2026-07-04T04:17:13.243Z]  • non-static component /api/report/[sessionId]/route
[debug] [2026-07-04T04:17:13.243Z]  • non-static component /api/reports/route
[debug] [2026-07-04T04:17:13.243Z]  • non-static component /api/share/[classId]/comment/route
[debug] [2026-07-04T04:17:13.243Z]  • non-static component /api/share/[classId]/like/route
[debug] [2026-07-04T04:17:13.243Z]  • non-static component /api/share/[classId]/route
[debug] [2026-07-04T04:17:13.243Z]  • non-static component /api/teacher/report/route
[debug] [2026-07-04T04:17:13.243Z]  • non-static component /api/teacher/settings/route
[debug] [2026-07-04T04:17:13.243Z]  • non-static component /dashboard/class/[id]/page
[debug] [2026-07-04T04:17:13.243Z]  • non-static component /dashboard/page
[debug] [2026-07-04T04:17:13.243Z]  • non-static component /dashboard/report/[sessionId]/page
[debug] [2026-07-04T04:17:13.243Z]  • non-static component /share/[classId]/page
[info]  • and 18 other reasons, use --debug to see more
[info] 
[debug] [2026-07-04T04:17:19.965Z] Checked if tokens are valid: true, expires at: 1783142114760
[debug] [2026-07-04T04:17:19.965Z] Checked if tokens are valid: true, expires at: 1783142114760
[debug] [2026-07-04T04:17:19.966Z] >>> [apiv2][query] GET https://firebasehosting.googleapis.com/v1beta1/projects/gtsignal/sites/gtsignal [none]
[debug] [2026-07-04T04:17:20.939Z] <<< [apiv2][status] GET https://firebasehosting.googleapis.com/v1beta1/projects/gtsignal/sites/gtsignal 200
[debug] [2026-07-04T04:17:20.939Z] <<< [apiv2][body] GET https://firebasehosting.googleapis.com/v1beta1/projects/gtsignal/sites/gtsignal {"name":"projects/gtsignal/sites/gtsignal","defaultUrl":"https://gtsignal.web.app","appId":"1:40921308182:web:39185975d8273ee2112937","type":"DEFAULT_SITE"}
[debug] [2026-07-04T04:17:21.532Z] Error: EPERM: operation not permitted, symlink 'D:\Coding\unification-platform\node_modules\bcryptjs' -> 'D:\Coding\unification-platform\.firebase\gtsignal\functions\.next\node_modules\bcryptjs-ee66c2bdc904f2cf'
[error] 
[error] Error: An unexpected error has occurred.
